C:/Users/18148/Desktop/stm32/stm32/Core/Src/tft_spi.c:261:13:TFT_WriteData8	16	static
C:/Users/18148/Desktop/stm32/stm32/Core/Src/tft_spi.c:250:13:TFT_WriteCmd	16	static
C:/Users/18148/Desktop/stm32/stm32/Core/Src/tft_spi.c:272:13:TFT_WriteData16	16	static
C:/Users/18148/Desktop/stm32/stm32/Core/Src/tft_spi.c:290:13:TFT_WriteDataDMA	4	static
C:/Users/18148/Desktop/stm32/stm32/Core/Src/tft_spi.c:309:13:TFT_WriteColorRepeatDMA	16	static
C:/Users/18148/Desktop/stm32/stm32/Core/Src/tft_spi.c:445:6:TFT_DisplayOn	8	static
C:/Users/18148/Desktop/stm32/stm32/Core/Src/tft_spi.c:459:6:TFT_Sleep	8	static
C:/Users/18148/Desktop/stm32/stm32/Core/Src/tft_spi.c:465:6:TFT_Wake	8	static
C:/Users/18148/Desktop/stm32/stm32/Core/Src/tft_spi.c:471:6:TFT_InvertDisplay	0	static
C:/Users/18148/Desktop/stm32/stm32/Core/Src/tft_spi.c:476:6:TFT_SetBrightness	0	static
C:/Users/18148/Desktop/stm32/stm32/Core/Src/tft_spi.c:486:6:TFT_SetRotation	8	static
C:/Users/18148/Desktop/stm32/stm32/Core/Src/tft_spi.c:522:6:TFT_SetWindow	32	static
C:/Users/18148/Desktop/stm32/stm32/Core/Src/tft_spi.c:575:6:TFT_WriteColor	8	static
C:/Users/18148/Desktop/stm32/stm32/Core/Src/tft_spi.c:583:6:TFT_WriteColorRepeat	16	static
C:/Users/18148/Desktop/stm32/stm32/Core/Src/tft_spi.c:590:6:TFT_WriteColorBuffer	24	static
C:/Users/18148/Desktop/stm32/stm32/Core/Src/tft_spi.c:608:6:TFT_DrawPixel	16	static
C:/Users/18148/Desktop/stm32/stm32/Core/Src/tft_spi.c:616:6:TFT_FillScreen	16	static
C:/Users/18148/Desktop/stm32/stm32/Core/Src/tft_spi.c:342:6:TFT_Init	8	static
C:/Users/18148/Desktop/stm32/stm32/Core/Src/tft_spi.c:625:6:TFT_DrawImage	24	static
C:/Users/18148/Desktop/stm32/stm32/Core/Src/tft_spi.c:649:6:TFT_DrawLine	56	static
C:/Users/18148/Desktop/stm32/stm32/Core/Src/tft_spi.c:677:6:TFT_DrawRect	32	static
C:/Users/18148/Desktop/stm32/stm32/Core/Src/tft_spi.c:686:6:TFT_FillRect	24	static
C:/Users/18148/Desktop/stm32/stm32/Core/Src/tft_spi.c:701:6:TFT_DrawCircle	56	static
C:/Users/18148/Desktop/stm32/stm32/Core/Src/tft_spi.c:737:6:TFT_FillCircle	64	static
C:/Users/18148/Desktop/stm32/stm32/Core/Src/tft_spi.c:770:6:TFT_DrawTriangle	40	static
C:/Users/18148/Desktop/stm32/stm32/Core/Src/tft_spi.c:778:6:TFT_FillTriangle	80	static
C:/Users/18148/Desktop/stm32/stm32/Core/Src/tft_spi.c:827:6:TFT_DrawRoundRect	80	static
C:/Users/18148/Desktop/stm32/stm32/Core/Src/tft_spi.c:869:6:TFT_FillRoundRect	80	static
C:/Users/18148/Desktop/stm32/stm32/Core/Src/tft_spi.c:908:6:TFT_DrawEllipse	80	static
C:/Users/18148/Desktop/stm32/stm32/Core/Src/tft_spi.c:959:6:TFT_FillEllipse	80	static
C:/Users/18148/Desktop/stm32/stm32/Core/Src/tft_spi.c:1018:6:TFT_SetCursor	0	static
C:/Users/18148/Desktop/stm32/stm32/Core/Src/tft_spi.c:1024:6:TFT_SetTextColor	0	static
C:/Users/18148/Desktop/stm32/stm32/Core/Src/tft_spi.c:1030:6:TFT_SetTextSize	0	static
C:/Users/18148/Desktop/stm32/stm32/Core/Src/tft_spi.c:1035:6:TFT_SetFont	0	static
C:/Users/18148/Desktop/stm32/stm32/Core/Src/tft_spi.c:1040:6:TFT_WriteChar	48	static
C:/Users/18148/Desktop/stm32/stm32/Core/Src/tft_spi.c:1127:6:TFT_WriteString	8	static
C:/Users/18148/Desktop/stm32/stm32/Core/Src/tft_spi.c:1135:6:TFT_ShowChar	0	static
C:/Users/18148/Desktop/stm32/stm32/Core/Src/tft_spi.c:1141:6:TFT_ShowString	0	static
C:/Users/18148/Desktop/stm32/stm32/Core/Src/tft_spi.c:1147:6:TFT_ShowNum	40	static
C:/Users/18148/Desktop/stm32/stm32/Core/Src/tft_spi.c:1165:6:TFT_ShowFloat	72	static
C:/Users/18148/Desktop/stm32/stm32/Core/Src/tft_spi.c:1214:6:TFT_ShowHex	32	static
C:/Users/18148/Desktop/stm32/stm32/Core/Src/tft_spi.c:1232:6:TFT_ShowBin	64	static
C:/Users/18148/Desktop/stm32/stm32/Core/Src/tft_spi.c:1251:6:TFT_Scroll	8	static
C:/Users/18148/Desktop/stm32/stm32/Core/Src/tft_spi.c:1257:6:TFT_SetScrollArea	16	static
C:/Users/18148/Desktop/stm32/stm32/Core/Src/tft_spi.c:1277:10:TFT_GetWidth	0	static
C:/Users/18148/Desktop/stm32/stm32/Core/Src/tft_spi.c:1282:10:TFT_GetHeight	0	static
C:/Users/18148/Desktop/stm32/stm32/Core/Src/tft_spi.c:1287:9:TFT_GetRotation	0	static
C:/Users/18148/Desktop/stm32/stm32/Core/Src/tft_spi.c:1294:6:TFT_AutoDisplay	0	static
C:/Users/18148/Desktop/stm32/stm32/Core/Src/tft_spi.c:1299:6:TFT_Display	0	static
C:/Users/18148/Desktop/stm32/stm32/Core/Src/tft_spi.c:1304:6:TFT_Clear	0	static
C:/Users/18148/Desktop/stm32/stm32/Core/Src/tft_spi.c:1309:6:TFT_BufferDrawPixel	0	static
C:/Users/18148/Desktop/stm32/stm32/Core/Src/tft_spi.c:1315:6:TFT_BufferFillRect	4	static
C:/Users/18148/Desktop/stm32/stm32/Core/Src/tft_spi.c:1326:6:TFT_LVGL_Flush	32	static
