C:/Users/18148/Desktop/stm32/stm32/Middlewares/LVGL/src/hal/lv_hal_indev.c:57:6:lv_indev_drv_init	8	static
C:/Users/18148/Desktop/stm32/stm32/Middlewares/LVGL/src/hal/lv_hal_indev.c:76:14:lv_indev_drv_register	16	static
C:/Users/18148/Desktop/stm32/stm32/Middlewares/LVGL/src/hal/lv_hal_indev.c:106:6:lv_indev_drv_update	16	static
C:/Users/18148/Desktop/stm32/stm32/Middlewares/LVGL/src/hal/lv_hal_indev.c:133:6:lv_indev_delete	8	static
C:/Users/18148/Desktop/stm32/stm32/Middlewares/LVGL/src/hal/lv_hal_indev.c:152:14:lv_indev_get_next	0	static
C:/Users/18148/Desktop/stm32/stm32/Middlewares/LVGL/src/hal/lv_hal_indev.c:165:6:_lv_indev_read	8	static
