C:/Users/18148/Desktop/stm32/stm32/Middlewares/FreeRTOS/Source/event_groups.c:145:21:xEventGroupCreate	8	static
C:/Users/18148/Desktop/stm32/stm32/Middlewares/FreeRTOS/Source/event_groups.c:311:13:xEventGroupWaitBits	32	static
C:/Users/18148/Desktop/stm32/stm32/Middlewares/FreeRTOS/Source/event_groups.c:461:13:xEventGroupClearBits	16	static
C:/Users/18148/Desktop/stm32/stm32/Middlewares/FreeRTOS/Source/event_groups.c:503:13:xEventGroupGetBitsFromISR	0	static
C:/Users/18148/Desktop/stm32/stm32/Middlewares/FreeRTOS/Source/event_groups.c:519:13:xEventGroupSetBits	24	static
C:/Users/18148/Desktop/stm32/stm32/Middlewares/FreeRTOS/Source/event_groups.c:191:13:xEventGroupSync	24	static
C:/Users/18148/Desktop/stm32/stm32/Middlewares/FreeRTOS/Source/event_groups.c:613:6:vEventGroupDelete	8	static
C:/Users/18148/Desktop/stm32/stm32/Middlewares/FreeRTOS/Source/event_groups.c:657:6:vEventGroupSetBitsCallback	0	static
C:/Users/18148/Desktop/stm32/stm32/Middlewares/FreeRTOS/Source/event_groups.c:665:6:vEventGroupClearBitsCallback	0	static
