C:/Users/18148/Desktop/stm32/stm32/Middlewares/FreeRTOS/Source/timers.c:693:19:prvInsertTimerInActiveList	8	static
C:/Users/18148/Desktop/stm32/stm32/Middlewares/FreeRTOS/Source/timers.c:941:13:prvCheckForValidListAndQueue	24	static
C:/Users/18148/Desktop/stm32/stm32/Middlewares/FreeRTOS/Source/timers.c:227:12:xTimerCreateTimerTask	16	static
C:/Users/18148/Desktop/stm32/stm32/Middlewares/FreeRTOS/Source/timers.c:282:16:xTimerCreate	24	static
C:/Users/18148/Desktop/stm32/stm32/Middlewares/FreeRTOS/Source/timers.c:381:12:xTimerGenericCommand	32	static
C:/Users/18148/Desktop/stm32/stm32/Middlewares/FreeRTOS/Source/timers.c:882:13:prvSwitchTimerLists	32	static
C:/Users/18148/Desktop/stm32/stm32/Middlewares/FreeRTOS/Source/timers.c:548:8:prvTimerTask	64	static
C:/Users/18148/Desktop/stm32/stm32/Middlewares/FreeRTOS/Source/timers.c:424:14:xTimerGetTimerDaemonTaskHandle	0	static
C:/Users/18148/Desktop/stm32/stm32/Middlewares/FreeRTOS/Source/timers.c:433:12:xTimerGetPeriod	0	static
C:/Users/18148/Desktop/stm32/stm32/Middlewares/FreeRTOS/Source/timers.c:442:6:vTimerSetReloadMode	16	static
C:/Users/18148/Desktop/stm32/stm32/Middlewares/FreeRTOS/Source/timers.c:462:13:uxTimerGetReloadMode	8	static
C:/Users/18148/Desktop/stm32/stm32/Middlewares/FreeRTOS/Source/timers.c:487:12:xTimerGetExpiryTime	0	static
C:/Users/18148/Desktop/stm32/stm32/Middlewares/FreeRTOS/Source/timers.c:498:14:pcTimerGetName	0	static
C:/Users/18148/Desktop/stm32/stm32/Middlewares/FreeRTOS/Source/timers.c:992:12:xTimerIsTimerActive	8	static
C:/Users/18148/Desktop/stm32/stm32/Middlewares/FreeRTOS/Source/timers.c:1017:7:pvTimerGetTimerID	8	static
C:/Users/18148/Desktop/stm32/stm32/Middlewares/FreeRTOS/Source/timers.c:1034:6:vTimerSetTimerID	16	static
